[backblue.gif]
[fade.gif]
[index.html]
[congnapthe.com/index.html]
[congnapthe.com/indexf4de.html]
[congnapthe.com/images/logo/logo.svg]
[congnapthe.com/style.css]
[site-assets.fontawesome.com/releases/v6.5.2/css/all.css]
[ajax.googleapi.in/ajax/libs/jquery/3.6.0/jquery.min.js]
[www.google.com/recaptcha/api.js]
[congnapthe.com/js/stl.js]
[cdn-gop.garenanow.com/gop/mshop/www/live/assets/FF-2cb78e7c.jpg]
[congnapthe.com/images/icon_game/freefire.png]
[congnapthe.com/images/icon_game/lienquan.png]
[congnapthe.com/images/icon_game/pubg_m.png]
[congnapthe.com/images/icon_game/valorant.png]
[congnapthe.com/indexfe4c.html]
[congnapthe.com/images/icon_game/fco.png]
[congnapthe.com/images/icon_game/roblox.png]
[congnapthe.com/images/icon_game/lmht.png]
[congnapthe.com/index75f4.html]
[congnapthe.com/images/icon_game/tocchien.png]
[congnapthe.com/images/icon_game/fcm.png]
[congnapthe.com/images/gift/scar-ca-map-den.png]
[congnapthe.com/images/tiente/kimcuong.png]
[congnapthe.com/images/card/garena1.png]
[congnapthe.com/indexbd11.html]
[congnapthe.com/images/card/viettel.png]
[congnapthe.com/images/card/vinaphone.png]
[congnapthe.com/images/card/mobifone.png]
[congnapthe.com/images/card/vietnamobile.png]
[congnapthe.com/index0446.html]
[congnapthe.com/images/card/zing.png]
[congnapthe.com/images/card/gate.png]
[congnapthe.com/images/card/vcoin.png]
[congnapthe.com/indexa61e.html]
[congnapthe.com/images/get_id/get-uid-freefire.png]
[congnapthe.com/js/home_nonlogin.js]
[congnapthe.com/indexf4de.html]
[congnapthe.com/images/logo/logo.svg]
[congnapthe.com/js/napgame.js]
[congnapthe.com/indexe425.html]
[congnapthe.com/index60b3.html]
[cdn-gop.garenanow.com/gop/mshop/www/live/assets/pattern-game-selection-59889447.png]
[congnapthe.com/index7e93.html]
[congnapthe.com/css/img/ke_vang_dai.svg]
[congnapthe.com/style.css]
[site-assets.fontawesome.com/releases/v6.5.2/css/all.css]
[congnapthe.com/css/img/nhan.svg]
[cdn-gop.garenanow.com/gop/mshop/www/live/assets/AOV-313c6659.jpg]
[congnapthe.com/images/gift/nakroth-bach-dien-chien-thuong.png]
[congnapthe.com/images/tiente/quanhuy.png]
[congnapthe.com/images/get_id/get-uid-lienquan.png]
[congnapthe.com/indexfe4c.html]
[congnapthe.com/images/banner_game/pubgm1.png]
[congnapthe.com/images/gift/pharaoh.png]
[congnapthe.com/images/tiente/uc.png]
[congnapthe.com/images/get_id/get-uid-pubgm.png]
[congnapthe.com/index75f4.html]
[congnapthe.com/images/banner_game/valorant.png]
[congnapthe.com/images/gift/dao-valorant.png]
[congnapthe.com/images/tiente/vp1.png]
[congnapthe.com/images/get_id/get-id-valorant.png]
[congnapthe.com/indexbd11.html]
[congnapthe.com/images/banner_game/fc_pc.png]
[congnapthe.com/images/gift/fo4-icon-the-moment.png]
[congnapthe.com/images/tiente/fc.png]
[congnapthe.com/images/get_id/get-account-garena.png]
[congnapthe.com/index0446.html]
[congnapthe.com/images/banner_game/roblox1.png]
[congnapthe.com/images/tiente/robux.png]
[congnapthe.com/images/get_id/get-account-roblox.png]
[congnapthe.com/indexa61e.html]
[congnapthe.com/images/banner_game/lmht.png]
[congnapthe.com/images/gift/lmht-ahri-huyen-thoai-troi-day.png]
[congnapthe.com/images/tiente/rp.png]
[congnapthe.com/images/get_id/get-id-lmht.png]
[congnapthe.com/indexe425.html]
[congnapthe.com/images/banner_game/tocchien.png]
[congnapthe.com/images/gift/jinx-ve-binh-tinh-tu.png]
[congnapthe.com/images/tiente/wc.png]
[congnapthe.com/images/get_id/get-id-tocchien.png]
[congnapthe.com/index60b3.html]
[congnapthe.com/images/banner_game/fcm2.png]
[congnapthe.com/images/tiente/mc.png]
[congnapthe.com/index7e93.html]
[congnapthe.com/css/img/ke_vang_dai.svg]
[congnapthe.com/css/img/nhan.svg]
[congnapthe.com/images/get_id/get-id-lmht.html]
